###############################################################################
#
# IAR ELF Linker V8.50.1.245/W32 for ARM                  07/Oct/2020  22:38:27
# Copyright 2007-2020 IAR Systems AB.
#
#    Output file  =
#        F:\Balancing_Model\Balancing_Model_V_5\Debug\Exe\Balancing_Model_V_5.out
#    Map file     =
#        F:\Balancing_Model\Balancing_Model_V_5\Debug\List\Balancing_Model_V_5.map
#    Command line =
#        -f C:\Users\mmoss\AppData\Local\Temp\EWE446.tmp
#        (F:\Balancing_Model\Balancing_Model_V_5\Debug\Obj\Control.o
#        F:\Balancing_Model\Balancing_Model_V_5\Debug\Obj\GPIO_Driver.o
#        F:\Balancing_Model\Balancing_Model_V_5\Debug\Obj\GPTM_Driver.o
#        F:\Balancing_Model\Balancing_Model_V_5\Debug\Obj\Interrupt_Driver.o
#        F:\Balancing_Model\Balancing_Model_V_5\Debug\Obj\Intializations.o
#        F:\Balancing_Model\Balancing_Model_V_5\Debug\Obj\main.o
#        F:\Balancing_Model\Balancing_Model_V_5\Debug\Obj\PWM_Driver.o
#        F:\Balancing_Model\Balancing_Model_V_5\Debug\Obj\startup_ewarm.o
#        F:\Balancing_Model\Balancing_Model_V_5\Debug\Obj\Systick_Timer.o
#        --no_out_extension -o
#        F:\Balancing_Model\Balancing_Model_V_5\Debug\Exe\Balancing_Model_V_5.out
#        --redirect _Printf=_PrintfFullNoMb --redirect _Scanf=_ScanfFullNoMb
#        --map
#        F:\Balancing_Model\Balancing_Model_V_5\Debug\List\Balancing_Model_V_5.map
#        --config "C:\Program Files (x86)\IAR Systems\Embedded Workbench
#        8.4\arm\config\linker\TexasInstruments\TM4C123GH6.icf" --semihosting
#        --entry __iar_program_start --vfe --text_out locale)
#
###############################################################################

*******************************************************************************
*** RUNTIME MODEL ATTRIBUTES
***

CppFlavor       = *
__SystemLibrary = DLib
__dlib_version  = 6


*******************************************************************************
*** HEAP SELECTION
***

The basic heap was selected because some modules are built with
size limitations (and not runtime checking), and --advanced_heap
was not specified.


*******************************************************************************
*** PLACEMENT SUMMARY
***

"A0":  place at address 0x0 { ro section .intvec };
"P1":  place in [from 0x0 to 0x3'ffff] { ro };
define block CSTACK with size = 4K, alignment = 8 { };
define block HEAP with size = 8K, alignment = 8 { };
"P2":  place in [from 0x2000'0000 to 0x2000'7fff] {
          rw, block CSTACK, block HEAP };
do not initialize { rw section .noinit };
initialize by copy { rw };

  Section            Kind         Address   Size  Object
  -------            ----         -------   ----  ------
"A0":                                      0x26c
  .intvec            const            0x0  0x26c  startup_ewarm.o [1]
                                  - 0x26c  0x26c

"P1":                                      0xdbf
  .text              ro code        0x26c  0x390  GPIO_Driver.o [1]
  .text              ro code        0x5fc   0x12  strcmp.o [4]
  .text              ro code        0x610  0x184  Intializations.o [1]
  .text              ro code        0x794  0x170  GPTM_Driver.o [1]
  .text              ro code        0x904   0xc8  Interrupt_Driver.o [1]
  .text              ro code        0x9cc   0x44  Systick_Timer.o [1]
  .text              ro code        0xa10  0x178  PWM_Driver.o [1]
  .text              ro code        0xb88   0x80  Control.o [1]
  .text              ro code        0xc08   0x78  lz77_init_single.o [4]
  .text              ro code        0xc80   0x28  data_init.o [4]
  .text              ro code        0xca8   0x22  fpinit_M.o [3]
  .iar.init_table    const          0xccc   0x10  - Linker created -
  .text              ro code        0xcdc   0x1e  startup_ewarm.o [1]
  .text              ro code        0xcfa    0xc  cstartup_M.o [4]
  .text              ro code        0xd08   0x1e  cmain.o [4]
  .text              ro code        0xd26    0x4  low_level_init.o [2]
  .text              ro code        0xd2c   0x16  main.o [1]
  .text              ro code        0xd42    0x4  exit.o [2]
  .text              ro code        0xd48    0xa  cexit.o [4]
  .text              ro code        0xd54   0x14  exit.o [5]
  .rodata            const          0xd68    0xc  GPIO_Driver.o [1]
  .rodata            const          0xd74    0xc  GPIO_Driver.o [1]
  .rodata            const          0xd80    0xc  GPIO_Driver.o [1]
  .rodata            const          0xd8c    0xc  GPTM_Driver.o [1]
  .rodata            const          0xd98    0xc  GPTM_Driver.o [1]
  .rodata            const          0xda4    0xc  Intializations.o [1]
  .rodata            const          0xdb0    0xc  Intializations.o [1]
  .rodata            const          0xdbc    0xc  Intializations.o [1]
  .rodata            const          0xdc8    0x8  Control.o [1]
  .rodata            const          0xdd0    0x8  Control.o [1]
  .rodata            const          0xdd8    0x8  Control.o [1]
  .rodata            const          0xde0    0x8  Control.o [1]
  .rodata            const          0xde8    0x8  GPIO_Driver.o [1]
  .rodata            const          0xdf0    0x8  GPIO_Driver.o [1]
  .rodata            const          0xdf8    0x8  GPIO_Driver.o [1]
  .rodata            const          0xe00    0x8  GPIO_Driver.o [1]
  .rodata            const          0xe08    0x8  GPIO_Driver.o [1]
  .rodata            const          0xe10    0x8  GPIO_Driver.o [1]
  .rodata            const          0xe18    0x8  GPIO_Driver.o [1]
  .rodata            const          0xe20    0x8  GPTM_Driver.o [1]
  .rodata            const          0xe28    0x8  GPTM_Driver.o [1]
  .rodata            const          0xe30    0x8  GPTM_Driver.o [1]
  .rodata            const          0xe38    0x8  Intializations.o [1]
  .rodata            const          0xe40    0x8  Intializations.o [1]
  .rodata            const          0xe48    0x8  Intializations.o [1]
  .rodata            const          0xe50    0x8  Intializations.o [1]
  .rodata            const          0xe58    0x8  Intializations.o [1]
  .rodata            const          0xe60    0x8  Intializations.o [1]
  .rodata            const          0xe68    0x8  PWM_Driver.o [1]
  .rodata            const          0xe70    0x8  PWM_Driver.o [1]
  .rodata            const          0xe78    0x8  PWM_Driver.o [1]
  .rodata            const          0xe80    0x8  PWM_Driver.o [1]
  .rodata            const          0xe88    0x0  lz77_init_single.o [4]
  Initializer bytes  const          0xe88  0x1a3  <for P2-1>
                                 - 0x102b  0xdbf

"P2", part 1 of 2:                         0x231
  P2-1                        0x2000'0000  0x231  <Init block>
    .data            inited   0x2000'0000   0x18  GPIO_Driver.o [1]
    .data            inited   0x2000'0018   0x18  GPIO_Driver.o [1]
    .data            inited   0x2000'0030   0x18  GPIO_Driver.o [1]
    .data            inited   0x2000'0048   0x18  GPIO_Driver.o [1]
    .data            inited   0x2000'0060   0x18  GPIO_Driver.o [1]
    .data            inited   0x2000'0078   0x18  GPIO_Driver.o [1]
    .data            inited   0x2000'0090   0x18  GPIO_Driver.o [1]
    .data            inited   0x2000'00a8   0x18  GPIO_Driver.o [1]
    .data            inited   0x2000'00c0   0x18  GPTM_Driver.o [1]
    .data            inited   0x2000'00d8   0x18  GPTM_Driver.o [1]
    .data            inited   0x2000'00f0   0x18  GPTM_Driver.o [1]
    .data            inited   0x2000'0108   0x18  GPTM_Driver.o [1]
    .data            inited   0x2000'0120   0x18  GPTM_Driver.o [1]
    .data            inited   0x2000'0138   0x18  GPTM_Driver.o [1]
    .data            inited   0x2000'0150   0x18  Interrupt_Driver.o [1]
    .data            inited   0x2000'0168   0x18  Interrupt_Driver.o [1]
    .data            inited   0x2000'0180   0x18  Interrupt_Driver.o [1]
    .data            inited   0x2000'0198   0x10  PWM_Driver.o [1]
    .data            inited   0x2000'01a8   0x20  PWM_Driver.o [1]
    .data            inited   0x2000'01c8   0x20  PWM_Driver.o [1]
    .data            inited   0x2000'01e8   0x40  PWM_Driver.o [1]
    .data            inited   0x2000'0228    0x8  PWM_Driver.o [1]
    .data            inited   0x2000'0230    0x1  Intializations.o [1]
                            - 0x2000'0231  0x231

"P2", part 2 of 2:                         0x100
  .noinit            uninit   0x2000'0234  0x100  startup_ewarm.o [1]
                            - 0x2000'0334  0x100

Unused ranges:

         From           To      Size
         ----           --      ----
       0x102b     0x3'ffff  0x3'efd5
  0x2000'0231  0x2000'0233       0x3
  0x2000'0334  0x2000'7fff    0x7ccc


*******************************************************************************
*** INIT TABLE
***

          Address      Size
          -------      ----
Copy/lz77 (__iar_lz77_init_single3)
    1 source range, total size 0x1a3 (74% of destination):
                0xe88  0x1a3
    1 destination range, total size 0x231:
          0x2000'0000  0x231



*******************************************************************************
*** MODULE SUMMARY
***

    Module              ro code  ro data  rw data
    ------              -------  -------  -------
command line/config:
    ---------------------------------------------
    Total:

F:\Balancing_Model\Balancing_Model_V_5\Debug\Obj: [1]
    Control.o               128       32
    GPIO_Driver.o           912      235      192
    GPTM_Driver.o           368      155      144
    Interrupt_Driver.o      200       54       72
    Intializations.o        388       85        1
    PWM_Driver.o            376      146      152
    Systick_Timer.o          68
    main.o                   22
    startup_ewarm.o          30      620      256
    ---------------------------------------------
    Total:                2'492    1'327      817

dl7M_tln.a: [2]
    exit.o                    4
    low_level_init.o          4
    ---------------------------------------------
    Total:                    8

m7M_tls.a: [3]
    fpinit_M.o               34
    ---------------------------------------------
    Total:                   34

rt7M_tl.a: [4]
    cexit.o                  10
    cmain.o                  30
    cstartup_M.o             12
    data_init.o              40
    lz77_init_single.o      120
    strcmp.o                 18
    ---------------------------------------------
    Total:                  230

shb_l.a: [5]
    exit.o                   20
    ---------------------------------------------
    Total:                   20

    Gaps                     10        2
    Linker created                    16
-------------------------------------------------
    Grand Total:          2'794    1'345      817


*******************************************************************************
*** ENTRY LIST
***

Entry                       Address   Size  Type      Object
-----                       -------   ----  ----      ------
.iar.init_table$$Base         0xccc          --   Gb  - Linker created -
.iar.init_table$$Limit        0xcdc          --   Gb  - Linker created -
?main                         0xd09         Code  Gb  cmain.o [4]
AFSEL_R                 0x2000'0048   0x18  Data  Gb  GPIO_Driver.o [1]
AMSEL_R                 0x2000'0018   0x18  Data  Gb  GPIO_Driver.o [1]
CLK_Enable                    0x26d   0x20  Code  Gb  GPIO_Driver.o [1]
CLK_Enable_GPTM_Module        0x795   0x10  Code  Gb  GPTM_Driver.o [1]
CLK_Enable_PWM_Module         0xa11   0x18  Code  Gb  PWM_Driver.o [1]
CLK_PORTS               0x2000'0000   0x18  Data  Gb  GPIO_Driver.o [1]
CLK_PWM_Modules         0x2000'0198   0x10  Data  Gb  PWM_Driver.o [1]
DATA_R                  0x2000'0090   0x18  Data  Gb  GPIO_Driver.o [1]
DEN_R                   0x2000'0030   0x18  Data  Gb  GPIO_Driver.o [1]
DIR_R                   0x2000'0060   0x18  Data  Gb  GPIO_Driver.o [1]
Enable_Timer_Number           0x7a5   0x46  Code  Gb  GPTM_Driver.o [1]
FaultISR                      0xcf7    0x2  Code  Lc  startup_ewarm.o [1]
Flag_of_Half_Second           0x9e1   0x14  Code  Gb  Systick_Timer.o [1]
GPIO_PORT_LOCK                0x28d   0x2a  Code  Gb  GPIO_Driver.o [1]
GPTM_Clear_Interrupt          0x981   0x3c  Code  Gb  Interrupt_Driver.o [1]
GPTM_ICR_R              0x2000'0150   0x18  Data  Gb  Interrupt_Driver.o [1]
GPTM_IMR_R              0x2000'0180   0x18  Data  Gb  Interrupt_Driver.o [1]
GPTM_Interrupt_Flag           0x951   0x30  Code  Gb  Interrupt_Driver.o [1]
GPTM_Intialization            0x611   0x60  Code  Gb  Intializations.o [1]
GPTM_MIS_R              0x2000'0168   0x18  Data  Gb  Interrupt_Driver.o [1]
GPTM_Unmask                   0x91b   0x36  Code  Gb  Interrupt_Driver.o [1]
IntDefaultHandler             0xcf9    0x2  Code  Lc  startup_ewarm.o [1]
Interrupt_Enable              0x90d    0xe  Code  Gb  Interrupt_Driver.o [1]
Interrupt_Priority            0x905    0x8  Code  Gb  Interrupt_Driver.o [1]
Main_Control                  0xb89   0x80  Code  Gb  Control.o [1]
NmiSR                         0xcf5    0x2  Code  Lc  startup_ewarm.o [1]
PCTL_R                  0x2000'00a8   0x18  Data  Gb  GPIO_Driver.o [1]
PIN_ANALOG_DIGITAL            0x2b7   0xc6  Code  Gb  GPIO_Driver.o [1]
PIN_CONFIGURE                 0x4df   0x3e  Code  Gb  GPIO_Driver.o [1]
PIN_FUNCTION_SELECT           0x37d   0x76  Code  Gb  GPIO_Driver.o [1]
PIN_INPUT_OUTPUT              0x3f3   0x76  Code  Gb  GPIO_Driver.o [1]
PIN_PULLUP_RESISTOR           0x469   0x76  Code  Gb  GPIO_Driver.o [1]
PIN_READ_DIGITAL              0x585   0x18  Code  Gb  GPIO_Driver.o [1]
PIN_WRITE_DIGITAL             0x51d   0x68  Code  Gb  GPIO_Driver.o [1]
PORTS_Intialization           0x671   0x86  Code  Gb  Intializations.o [1]
PULSE_WITDH_MODULATION        0xb0d   0x46  Code  Gb  PWM_Driver.o [1]
PUR_R                   0x2000'0078   0x18  Data  Gb  GPIO_Driver.o [1]
PWM_COMPARE_R           0x2000'01e8   0x40  Data  Gb  PWM_Driver.o [1]
PWM_COMPARE_VALUE             0xaa5   0x16  Code  Gb  PWM_Driver.o [1]
PWM_CONTROL_R           0x2000'01a8   0x20  Data  Gb  PWM_Driver.o [1]
PWM_ENABLE_R            0x2000'0228    0x8  Data  Gb  PWM_Driver.o [1]
PWM_Initialization            0x735   0x20  Code  Gb  Intializations.o [1]
PWM_LOAD_R              0x2000'01c8   0x20  Data  Gb  PWM_Driver.o [1]
PWM_MAXIMUM_LOAD_VALUE        0xa97    0xe  Code  Gb  PWM_Driver.o [1]
PWM_MODULE_ENABLE             0xabb   0x52  Code  Gb  PWM_Driver.o [1]
PWM_START_STOP                0xa5d   0x3a  Code  Gb  PWM_Driver.o [1]
Region$$Table$$Base           0xccc          --   Gb  - Linker created -
Region$$Table$$Limit          0xcdc          --   Gb  - Linker created -
ResetISR                      0xcdd   0x12  Code  Gb  startup_ewarm.o [1]
Systick_Configure             0x9f5    0xe  Code  Gb  Systick_Timer.o [1]
Systick_Delay_Seconds         0x9cd   0x14  Code  Gb  Systick_Timer.o [1]
TIMERS_Aload_R          0x2000'0120   0x18  Data  Gb  GPTM_Driver.o [1]
TIMERS_CFG_R            0x2000'00d8   0x18  Data  Gb  GPTM_Driver.o [1]
TIMERS_Clear_R          0x2000'0138   0x18  Data  Gb  GPTM_Driver.o [1]
TIMERS_R                0x2000'00c0   0x18  Data  Gb  GPTM_Driver.o [1]
TIMERS_TAMR_R           0x2000'00f0   0x18  Data  Gb  GPTM_Driver.o [1]
TIMERS_TAPR_R           0x2000'0108   0x18  Data  Gb  GPTM_Driver.o [1]
Timer_Handler                 0x6f7   0x3e  Code  Gb  Intializations.o [1]
Timer_Handler{1}{2}::flag
                        0x2000'0230    0x1  Data  Lc  Intializations.o [1]
Timer_Number_Clk_Divider
                              0x8b5   0x10  Code  Gb  GPTM_Driver.o [1]
Timer_Number_Mode             0x839   0x66  Code  Gb  GPTM_Driver.o [1]
Timer_Number_Option           0x7eb   0x4e  Code  Gb  GPTM_Driver.o [1]
Timer_Number_Ticks            0x89f   0x16  Code  Gb  GPTM_Driver.o [1]
USE_PWM_CLK_DIVIDER           0xa29   0x34  Code  Gb  PWM_Driver.o [1]
__cmain                       0xd09         Code  Gb  cmain.o [4]
__exit                        0xd55   0x14  Code  Gb  exit.o [5]
__iar_data_init3              0xc81   0x28  Code  Gb  data_init.o [4]
__iar_init_vfp                0xca9         Code  Gb  fpinit_M.o [3]
__iar_lz77_init_single3
                              0xc09   0x78  Code  Gb  lz77_init_single.o [4]
__iar_program_start           0xcfb         Code  Gb  cstartup_M.o [4]
__low_level_init              0xd27    0x4  Code  Gb  low_level_init.o [2]
__vector_table                  0x0  0x26c  Data  Gb  startup_ewarm.o [1]
_call_main                    0xd15         Code  Gb  cmain.o [4]
_exit                         0xd49         Code  Gb  cexit.o [4]
_main                         0xd23         Code  Gb  cmain.o [4]
exit                          0xd43    0x4  Code  Gb  exit.o [2]
main                          0xd2d   0x16  Code  Gb  main.o [1]
pui32Stack              0x2000'0234  0x100  Data  Lc  startup_ewarm.o [1]
strcmp                        0x5fd         Code  Gb  strcmp.o [4]


[1] = F:\Balancing_Model\Balancing_Model_V_5\Debug\Obj
[2] = dl7M_tln.a
[3] = m7M_tls.a
[4] = rt7M_tl.a
[5] = shb_l.a

  2'794 bytes of readonly  code memory
  1'345 bytes of readonly  data memory
    817 bytes of readwrite data memory

Errors: none
Warnings: none
