###############################################################################
#
# IAR ELF Linker V8.50.1.245/W32 for ARM                  13/Oct/2020  11:42:28
# Copyright 2007-2020 IAR Systems AB.
#
#    Output file  =
#        F:\Balancing_Model\Balancing_Model_V_3\Debug\Exe\Balancing_Model_V_3.out
#    Map file     =
#        F:\Balancing_Model\Balancing_Model_V_3\Debug\List\Balancing_Model_V_3.map
#    Command line =
#        -f C:\Users\mmoss\AppData\Local\Temp\EW7478.tmp
#        (F:\Balancing_Model\Balancing_Model_V_3\Debug\Obj\GPIO_Driver.o
#        F:\Balancing_Model\Balancing_Model_V_3\Debug\Obj\I2C.o
#        F:\Balancing_Model\Balancing_Model_V_3\Debug\Obj\I2C_Driver.o
#        F:\Balancing_Model\Balancing_Model_V_3\Debug\Obj\main.o
#        F:\Balancing_Model\Balancing_Model_V_3\Debug\Obj\PWM_Driver.o
#        F:\Balancing_Model\Balancing_Model_V_3\Debug\Obj\Systick_Timer.o
#        --no_out_extension -o
#        F:\Balancing_Model\Balancing_Model_V_3\Debug\Exe\Balancing_Model_V_3.out
#        --redirect _Printf=_PrintfFullNoMb --redirect _Scanf=_ScanfFullNoMb
#        --map
#        F:\Balancing_Model\Balancing_Model_V_3\Debug\List\Balancing_Model_V_3.map
#        --config "C:\Program Files (x86)\IAR Systems\Embedded Workbench
#        8.4\arm\config\linker\TexasInstruments\TM4C123GH6.icf" --semihosting
#        --entry __iar_program_start --vfe --text_out locale)
#
###############################################################################

*******************************************************************************
*** RUNTIME MODEL ATTRIBUTES
***

CppFlavor       = *
__SystemLibrary = DLib
__dlib_version  = 6


*******************************************************************************
*** HEAP SELECTION
***

The basic heap was selected because some modules are built with
size limitations (and not runtime checking), and --advanced_heap
was not specified.


*******************************************************************************
*** PLACEMENT SUMMARY
***

"A0":  place at address 0x0 { ro section .intvec };
"P1":  place in [from 0x0 to 0x3'ffff] { ro };
define block CSTACK with size = 4K, alignment = 8 { };
define block HEAP with size = 8K, alignment = 8 { };
"P2":  place in [from 0x2000'0000 to 0x2000'7fff] {
          rw, block CSTACK, block HEAP };
initialize by copy { rw };

  Section            Kind         Address    Size  Object
  -------            ----         -------    ----  ------
"A0":                                        0x40
  .intvec            ro code          0x0    0x40  vector_table_M.o [4]
                                   - 0x40    0x40

"P1":                                      0x2796
  .text              ro code         0x40   0xfa6  xprintffull_nomb.o [2]
  .text              ro code        0xfe6     0x2  vector_table_M.o [4]
  .text              ro code        0xfe8    0x16  strchr.o [4]
  .text              ro code       0x1000    0x40  xfail_s.o [2]
  .text              ro code       0x1040    0x36  strlen.o [4]
  .text              ro code       0x1078    0x58  memchr.o [4]
  .text              ro code       0x10d0    0x76  ABImemcpy_unaligned.o [4]
  .text              ro code       0x1148    0x70  frexp.o [3]
  .text              ro code       0x11b8    0x2e  DblCmpLe.o [3]
  .text              ro code       0x11e8    0x2e  DblCmpGe.o [3]
  .text              ro code       0x1218   0x13a  ldexp.o [3]
  .text              ro code       0x1354    0x3a  DblToS32.o [3]
  .text              ro code       0x1390    0x22  S32ToDbl.o [3]
  .text              ro code       0x13b4    0xe2  DblSub.o [3]
  .text              ro code       0x1498   0x246  DblDiv.o [3]
  .text              ro code       0x16e0    0x28  DblToU32.o [3]
  .text              ro code       0x1708    0x1a  U32ToDbl.o [3]
  .text              ro code       0x1724   0x1a2  DblMul.o [3]
  .text              ro code       0x18c8   0x230  I64DivMod.o [4]
  .text              ro code       0x1af8     0x6  abort.o [2]
  .text              ro code       0x1b00   0x16a  DblAdd.o [3]
  .text              ro code       0x1c6c     0x2  I64DivZer.o [4]
  .text              ro code       0x1c70    0x14  exit.o [5]
  .text              ro code       0x1c84    0x2c  iarttio.o [5]
  .text              ro code       0x1cb0     0x8  XShttio.o [2]
  .text              ro code       0x1cb8   0x3b4  GPIO_Driver.o [1]
  .text              ro code       0x206c    0x12  strcmp.o [4]
  .text              ro code       0x2080   0x178  PWM_Driver.o [1]
  .text              ro code       0x21f8   0x144  main.o [1]
  .text              ro code       0x233c    0x48  Systick_Timer.o [1]
  .text              ro code       0x2384    0x28  printf.o [2]
  .text              ro code       0x23ac    0x78  lz77_init_single.o [4]
  .text              ro code       0x2424    0x50  iarttio.o [5]
  .text              ro code       0x2474    0x24  XShttio.o [2]
  .text              ro code       0x2498    0x14  XShttio.o [2]
  .text              ro code       0x24ac    0x28  data_init.o [4]
  .text              ro code       0x24d4    0x22  fpinit_M.o [3]
  .text              ro code       0x24f6    0x22  iarwrite.o [5]
  .iar.init_table    const         0x2518    0x10  - Linker created -
  .text              ro code       0x2528    0x20  putchar.o [2]
  .text              ro code       0x2548    0x10  write.o [5]
  .text              ro code       0x2558    0x1e  dwrite.o [5]
  .text              ro code       0x2576    0x20  iarwstd.o [5]
  .text              ro code       0x2598    0x1e  cmain.o [4]
  .text              ro code       0x25b6     0x4  low_level_init.o [2]
  .text              ro code       0x25ba     0x4  exit.o [2]
  .text              ro code       0x25c0     0xa  cexit.o [4]
  .text              ro code       0x25ca    0x16  xprout.o [2]
  .rodata            const         0x25e0     0xc  GPIO_Driver.o [1]
  .rodata            const         0x25ec     0xc  GPIO_Driver.o [1]
  .rodata            const         0x25f8     0xc  GPIO_Driver.o [1]
  .rodata            const         0x2604     0xc  main.o [1]
  .rodata            const         0x2610     0xc  main.o [1]
  .rodata            const         0x261c     0xc  main.o [1]
  .text              ro code       0x2628     0xc  cstartup_M.o [4]
  .rodata            const         0x2634     0x8  GPIO_Driver.o [1]
  .rodata            const         0x263c     0x8  GPIO_Driver.o [1]
  .rodata            const         0x2644     0x8  GPIO_Driver.o [1]
  .rodata            const         0x264c     0x8  GPIO_Driver.o [1]
  .rodata            const         0x2654     0x8  GPIO_Driver.o [1]
  .rodata            const         0x265c     0x8  GPIO_Driver.o [1]
  .rodata            const         0x2664     0x8  main.o [1]
  .rodata            const         0x266c     0x8  main.o [1]
  .rodata            const         0x2674     0x8  main.o [1]
  .rodata            const         0x267c     0x8  main.o [1]
  .rodata            const         0x2684     0x8  main.o [1]
  .rodata            const         0x268c     0x8  main.o [1]
  .rodata            const         0x2694     0x8  main.o [1]
  .rodata            const         0x269c     0x8  PWM_Driver.o [1]
  .rodata            const         0x26a4     0x8  PWM_Driver.o [1]
  .rodata            const         0x26ac     0x8  PWM_Driver.o [1]
  .rodata            const         0x26b4     0x8  PWM_Driver.o [1]
  .rodata            const         0x26bc     0x8  xprintffull_nomb.o [2]
  .rodata            const         0x26c4     0x0  lz77_init_single.o [4]
  Initializer bytes  const         0x26c4   0x112  <for P2-1>
                                 - 0x27d6  0x2796

"P2", part 1 of 2:                          0x165
  P2-1                        0x2000'0000   0x165  <Init block>
    .data            inited   0x2000'0000    0x18  GPIO_Driver.o [1]
    .data            inited   0x2000'0018    0x18  GPIO_Driver.o [1]
    .data            inited   0x2000'0030    0x18  GPIO_Driver.o [1]
    .data            inited   0x2000'0048    0x18  GPIO_Driver.o [1]
    .data            inited   0x2000'0060    0x18  GPIO_Driver.o [1]
    .data            inited   0x2000'0078    0x18  GPIO_Driver.o [1]
    .data            inited   0x2000'0090    0x18  GPIO_Driver.o [1]
    .data            inited   0x2000'00a8    0x18  GPIO_Driver.o [1]
    .data            inited   0x2000'00c0    0x10  PWM_Driver.o [1]
    .data            inited   0x2000'00d0    0x20  PWM_Driver.o [1]
    .data            inited   0x2000'00f0    0x20  PWM_Driver.o [1]
    .data            inited   0x2000'0110    0x40  PWM_Driver.o [1]
    .data            inited   0x2000'0150     0x8  PWM_Driver.o [1]
    .data            inited   0x2000'0158     0x8  XShttio.o [2]
    .bss             inited   0x2000'0160     0x4  xfail_s.o [2]
    .bss             inited   0x2000'0164     0x1  XShttio.o [2]
                            - 0x2000'0165   0x165

"P2", part 2 of 2:                         0x1000
  CSTACK                      0x2000'0168  0x1000  <Block>
    CSTACK           uninit   0x2000'0168  0x1000  <Block tail>
                            - 0x2000'1168  0x1000

Unused ranges:

         From           To      Size
         ----           --      ----
       0x27d6     0x3'ffff  0x3'd82a
  0x2000'0165  0x2000'0167       0x3
  0x2000'1168  0x2000'7fff    0x6e98


*******************************************************************************
*** INIT TABLE
***

          Address      Size
          -------      ----
Copy/lz77 (__iar_lz77_init_single3)
    1 source range, total size 0x112 (76% of destination):
               0x26c4  0x112
    1 destination range, total size 0x165:
          0x2000'0000  0x165



*******************************************************************************
*** MODULE SUMMARY
***

    Module                 ro code  ro data  rw data
    ------                 -------  -------  -------
command line/config:
    ------------------------------------------------
    Total:

F:\Balancing_Model\Balancing_Model_V_3\Debug\Obj: [1]
    GPIO_Driver.o              948      231      192
    PWM_Driver.o               376      149      152
    Systick_Timer.o             72
    main.o                     324       92
    ------------------------------------------------
    Total:                   1'720      472      344

dl7M_tln.a: [2]
    XShttio.o                   64        7        9
    abort.o                      6
    exit.o                       4
    low_level_init.o             4
    printf.o                    40
    putchar.o                   32
    xfail_s.o                   64        3        4
    xprintffull_nomb.o       4'006        8
    xprout.o                    22
    ------------------------------------------------
    Total:                   4'242       18       13

m7M_tls.a: [3]
    DblAdd.o                   362
    DblCmpGe.o                  46
    DblCmpLe.o                  46
    DblDiv.o                   582
    DblMul.o                   418
    DblSub.o                   226
    DblToS32.o                  58
    DblToU32.o                  40
    S32ToDbl.o                  34
    U32ToDbl.o                  26
    fpinit_M.o                  34
    frexp.o                    112
    ldexp.o                    314
    ------------------------------------------------
    Total:                   2'298

rt7M_tl.a: [4]
    ABImemcpy_unaligned.o      118
    I64DivMod.o                560
    I64DivZer.o                  2
    cexit.o                     10
    cmain.o                     30
    cstartup_M.o                12
    data_init.o                 40
    lz77_init_single.o         120
    memchr.o                    88
    strchr.o                    22
    strcmp.o                    18
    strlen.o                    54
    vector_table_M.o            66
    ------------------------------------------------
    Total:                   1'140

shb_l.a: [5]
    dwrite.o                    30
    exit.o                      20
    iarttio.o                  124
    iarwrite.o                  34
    iarwstd.o                   32
    write.o                     16
    ------------------------------------------------
    Total:                     256

    Gaps                        36
    Linker created                       16    4'096
----------------------------------------------------
    Grand Total:             9'692      506    4'453


*******************************************************************************
*** ENTRY LIST
***

Entry                       Address   Size  Type      Object
-----                       -------   ----  ----      ------
.iar.init_table$$Base        0x2518          --   Gb  - Linker created -
.iar.init_table$$Limit       0x2528          --   Gb  - Linker created -
?main                        0x2599         Code  Gb  cmain.o [4]
AFSEL_R                 0x2000'0048   0x18  Data  Gb  GPIO_Driver.o [1]
AMSEL_R                 0x2000'0018   0x18  Data  Gb  GPIO_Driver.o [1]
CLK_Enable                   0x1cb9   0x24  Code  Gb  GPIO_Driver.o [1]
CLK_Enable_PWM_Module        0x2081   0x18  Code  Gb  PWM_Driver.o [1]
CLK_PORTS               0x2000'0000   0x18  Data  Gb  GPIO_Driver.o [1]
CLK_PWM_Modules         0x2000'00c0   0x10  Data  Gb  PWM_Driver.o [1]
CSTACK$$Base            0x2000'0168          --   Gb  - Linker created -
CSTACK$$Limit           0x2000'1168          --   Gb  - Linker created -
DATA_R                  0x2000'0090   0x18  Data  Gb  GPIO_Driver.o [1]
DEN_R                   0x2000'0030   0x18  Data  Gb  GPIO_Driver.o [1]
DIR_R                   0x2000'0060   0x18  Data  Gb  GPIO_Driver.o [1]
Flag_of_Half_Second          0x2357   0x14  Code  Gb  Systick_Timer.o [1]
GPIO_PORT_LOCK               0x1cdd   0x36  Code  Gb  GPIO_Driver.o [1]
PCTL_R                  0x2000'00a8   0x18  Data  Gb  GPIO_Driver.o [1]
PIN_ANALOG_DIGITAL           0x1d13   0xca  Code  Gb  GPIO_Driver.o [1]
PIN_CONFIGURE                0x1f3f   0xb0  Code  Gb  GPIO_Driver.o [1]
PIN_FUNCTION_SELECT          0x1ddd   0x76  Code  Gb  GPIO_Driver.o [1]
PIN_INPUT_OUTPUT             0x1e53   0x76  Code  Gb  GPIO_Driver.o [1]
PIN_PULLUP_RESISTOR          0x1ec9   0x76  Code  Gb  GPIO_Driver.o [1]
PIN_READ_DIGITAL             0x1fef   0x18  Code  Gb  GPIO_Driver.o [1]
PULSE_WITDH_MODULATION       0x217d   0x46  Code  Gb  PWM_Driver.o [1]
PUR_R                   0x2000'0078   0x18  Data  Gb  GPIO_Driver.o [1]
PWM_COMPARE_R           0x2000'0110   0x40  Data  Gb  PWM_Driver.o [1]
PWM_COMPARE_VALUE            0x2115   0x16  Code  Gb  PWM_Driver.o [1]
PWM_CONTROL_R           0x2000'00d0   0x20  Data  Gb  PWM_Driver.o [1]
PWM_ENABLE_R            0x2000'0150    0x8  Data  Gb  PWM_Driver.o [1]
PWM_LOAD_R              0x2000'00f0   0x20  Data  Gb  PWM_Driver.o [1]
PWM_MAXIMUM_LOAD_VALUE       0x2107    0xe  Code  Gb  PWM_Driver.o [1]
PWM_MODULE_ENABLE            0x212b   0x52  Code  Gb  PWM_Driver.o [1]
PWM_START_STOP               0x20cd   0x3a  Code  Gb  PWM_Driver.o [1]
Region$$Table$$Base          0x2518          --   Gb  - Linker created -
Region$$Table$$Limit         0x2528          --   Gb  - Linker created -
Systick_Configure            0x236b    0xe  Code  Gb  Systick_Timer.o [1]
Systick_Delay_Seconds        0x233d   0x1a  Code  Gb  Systick_Timer.o [1]
USE_PWM_CLK_DIVIDER          0x2099   0x34  Code  Gb  PWM_Driver.o [1]
_LitobFullNoMb                0xde1  0x10a  Code  Lc  xprintffull_nomb.o [2]
_PrintfFullNoMb                0x41  0xd7c  Code  Gb  xprintffull_nomb.o [2]
_Prout                       0x25cb   0x16  Code  Gb  xprout.o [2]
_PutcharFullNoMb              0xf51   0x20  Code  Lc  xprintffull_nomb.o [2]
_PutcharsFullNoMb             0xf71   0x2e  Code  Lc  xprintffull_nomb.o [2]
__aeabi_cdcmple              0x11b9         Code  Gb  DblCmpLe.o [3]
__aeabi_cdrcmple             0x11e9         Code  Gb  DblCmpGe.o [3]
__aeabi_d2iz                 0x1355         Code  Gb  DblToS32.o [3]
__aeabi_d2uiz                0x16e1         Code  Gb  DblToU32.o [3]
__aeabi_ddiv                 0x1499         Code  Gb  DblDiv.o [3]
__aeabi_dmul                 0x1725         Code  Gb  DblMul.o [3]
__aeabi_dsub                 0x13b5         Code  Gb  DblSub.o [3]
__aeabi_i2d                  0x1391         Code  Gb  S32ToDbl.o [3]
__aeabi_ldiv0                0x1c6d         Code  Gb  I64DivZer.o [4]
__aeabi_ui2d                 0x1709         Code  Gb  U32ToDbl.o [3]
__aeabi_uldivmod             0x18c9         Code  Gb  I64DivMod.o [4]
__cmain                      0x2599         Code  Gb  cmain.o [4]
__dwrite                     0x2559   0x1e  Code  Gb  dwrite.o [5]
__exit                       0x1c71   0x14  Code  Gb  exit.o [5]
__iar_Fail_s                 0x1001   0x1c  Code  Gb  xfail_s.o [2]
__iar_Memchr                 0x1079         Code  Gb  memchr.o [4]
__iar_Strchr                  0xfe9         Code  Gb  strchr.o [4]
__iar_close_ttio             0x1c85   0x2c  Code  Wk  iarttio.o [5]
__iar_dadd                   0x13c5         Code  Gb  DblSub.o [3]
__iar_data_init3             0x24ad   0x28  Code  Gb  data_init.o [4]
__iar_dsub                   0x1b01         Code  Gb  DblAdd.o [3]
__iar_dsubStart              0x1b13         Code  Gb  DblAdd.o [3]
__iar_frexp                  0x1155         Code  Gb  frexp.o [3]
__iar_frexpl                 0x1155         Code  Gb  frexp.o [3]
__iar_get_ttio               0x2425   0x4c  Code  Gb  iarttio.o [5]
__iar_init_vfp               0x24d5         Code  Gb  fpinit_M.o [3]
__iar_ldexp64                0x1219         Code  Gb  ldexp.o [3]
__iar_lookup_ttioh           0x1cb1    0x8  Code  Gb  XShttio.o [2]
__iar_lz77_init_single3
                             0x23ad   0x78  Code  Gb  lz77_init_single.o [4]
__iar_program_start          0x2629         Code  Gb  cstartup_M.o [4]
__iar_scalbln64              0x1219         Code  Gb  ldexp.o [3]
__iar_scalbn64               0x1219         Code  Gb  ldexp.o [3]
__iar_sh_stdout              0x2577   0x20  Code  Gb  iarwstd.o [5]
__iar_sh_write               0x24f7   0x22  Code  Gb  iarwrite.o [5]
__iar_softfp___iar_frexp64
                             0x1149         Code  Gb  frexp.o [3]
__iar_softfp_frexp           0x1149         Code  Gb  frexp.o [3]
__iar_softfp_frexpl          0x1149         Code  Gb  frexp.o [3]
__iar_ttio_guard_lock        0x2475   0x24  Code  Wk  XShttio.o [2]
__iar_ttio_guard_unlock
                             0x2499   0x14  Code  Wk  XShttio.o [2]
__iar_ttio_handles      0x2000'0158    0x8  Data  Lc  XShttio.o [2]
__iar_unaligned_memcpy       0x10d1         Code  Gb  ABImemcpy_unaligned.o [4]
__iar_unaligned_memcpy4
                             0x10f1         Code  Gb  ABImemcpy_unaligned.o [4]
__iar_unaligned_memcpy8
                             0x10f1         Code  Gb  ABImemcpy_unaligned.o [4]
__low_level_init             0x25b7    0x4  Code  Gb  low_level_init.o [2]
__vector_table                  0x0         Data  Gb  vector_table_M.o [4]
__write                      0x2549   0x10  Code  Gb  write.o [5]
_call_main                   0x25a5         Code  Gb  cmain.o [4]
_exit                        0x25c1         Code  Gb  cexit.o [4]
_main                        0x25b3         Code  Gb  cmain.o [4]
abort                        0x1af9    0x6  Code  Gb  abort.o [2]
exit                         0x25bb    0x4  Code  Gb  exit.o [2]
ldexp                        0x1219         Code  Gb  ldexp.o [3]
ldexpl                       0x1219         Code  Gb  ldexp.o [3]
main                         0x21f9  0x144  Code  Gb  main.o [1]
memchr                       0x1079         Code  Gb  memchr.o [4]
printf                       0x2385   0x28  Code  Gb  printf.o [2]
putchar                      0x2529   0x20  Code  Gb  putchar.o [2]
scalbln                      0x1219         Code  Gb  ldexp.o [3]
scalblnl                     0x1219         Code  Gb  ldexp.o [3]
scalbn                       0x1219         Code  Gb  ldexp.o [3]
scalbnl                      0x1219         Code  Gb  ldexp.o [3]
scale                         0xeeb   0x46  Code  Lc  xprintffull_nomb.o [2]
sec_hand                0x2000'0160    0x4  Data  Lc  xfail_s.o [2]
strchr                        0xfe9         Code  Gb  strchr.o [4]
strcmp                       0x206d         Code  Gb  strcmp.o [4]
strlen                       0x1041         Code  Gb  strlen.o [4]
ttio_guard              0x2000'0164    0x1  Data  Lc  XShttio.o [2]


[1] = F:\Balancing_Model\Balancing_Model_V_3\Debug\Obj
[2] = dl7M_tln.a
[3] = m7M_tls.a
[4] = rt7M_tl.a
[5] = shb_l.a

  9'692 bytes of readonly  code memory
    506 bytes of readonly  data memory
  4'453 bytes of readwrite data memory

Errors: none
Warnings: none
