###############################################################################
#
# IAR ELF Linker V8.50.1.245/W32 for ARM                  01/Oct/2020  05:06:07
# Copyright 2007-2020 IAR Systems AB.
#
#    Output file  =
#        F:\Balancing_Model\Balancing_Model_V_2\Debug\Exe\Balancing_Model_V_1.out
#    Map file     =
#        F:\Balancing_Model\Balancing_Model_V_2\Debug\List\Balancing_Model_V_1.map
#    Command line =
#        -f C:\Users\mmoss\AppData\Local\Temp\EW58A6.tmp
#        (F:\Balancing_Model\Balancing_Model_V_2\Debug\Obj\GPIO_Driver.o
#        F:\Balancing_Model\Balancing_Model_V_2\Debug\Obj\I2C.o
#        F:\Balancing_Model\Balancing_Model_V_2\Debug\Obj\I2C_Driver.o
#        F:\Balancing_Model\Balancing_Model_V_2\Debug\Obj\main.o
#        F:\Balancing_Model\Balancing_Model_V_2\Debug\Obj\PWM_Driver.o
#        F:\Balancing_Model\Balancing_Model_V_2\Debug\Obj\Systick_Timer.o
#        --no_out_extension -o
#        F:\Balancing_Model\Balancing_Model_V_2\Debug\Exe\Balancing_Model_V_1.out
#        --redirect _Printf=_PrintfFullNoMb --redirect _Scanf=_ScanfFullNoMb
#        --map
#        F:\Balancing_Model\Balancing_Model_V_2\Debug\List\Balancing_Model_V_1.map
#        --config "C:\Program Files (x86)\IAR Systems\Embedded Workbench
#        8.4\arm\config\linker\TexasInstruments\TM4C123GH6.icf" --semihosting
#        --entry __iar_program_start --vfe --text_out locale)
#
###############################################################################

*******************************************************************************
*** RUNTIME MODEL ATTRIBUTES
***

CppFlavor       = *
__SystemLibrary = DLib
__dlib_version  = 6


*******************************************************************************
*** HEAP SELECTION
***

The basic heap was selected because some modules are built with
size limitations (and not runtime checking), and --advanced_heap
was not specified.


*******************************************************************************
*** PLACEMENT SUMMARY
***

"A0":  place at address 0x0 { ro section .intvec };
"P1":  place in [from 0x0 to 0x3'ffff] { ro };
define block CSTACK with size = 4K, alignment = 8 { };
define block HEAP with size = 8K, alignment = 8 { };
"P2":  place in [from 0x2000'0000 to 0x2000'7fff] {
          rw, block CSTACK, block HEAP };
initialize by copy { rw };

  Section            Kind         Address    Size  Object
  -------            ----         -------    ----  ------
"A0":                                        0x40
  .intvec            ro code          0x0    0x40  vector_table_M.o [4]
                                   - 0x40    0x40

"P1":                                      0x1f98
  .text              ro code         0x40   0xfa6  xprintffull_nomb.o [2]
  .text              ro code        0xfe6     0x2  vector_table_M.o [4]
  .text              ro code        0xfe8    0x16  strchr.o [4]
  .text              ro code       0x1000    0x40  xfail_s.o [2]
  .text              ro code       0x1040    0x36  strlen.o [4]
  .text              ro code       0x1078    0x58  memchr.o [4]
  .text              ro code       0x10d0    0x76  ABImemcpy_unaligned.o [4]
  .text              ro code       0x1148    0x70  frexp.o [3]
  .text              ro code       0x11b8    0x2e  DblCmpLe.o [3]
  .text              ro code       0x11e8    0x2e  DblCmpGe.o [3]
  .text              ro code       0x1218   0x13a  ldexp.o [3]
  .text              ro code       0x1354    0x3a  DblToS32.o [3]
  .text              ro code       0x1390    0x22  S32ToDbl.o [3]
  .text              ro code       0x13b4    0xe2  DblSub.o [3]
  .text              ro code       0x1498   0x246  DblDiv.o [3]
  .text              ro code       0x16e0    0x28  DblToU32.o [3]
  .text              ro code       0x1708    0x1a  U32ToDbl.o [3]
  .text              ro code       0x1724   0x1a2  DblMul.o [3]
  .text              ro code       0x18c8   0x230  I64DivMod.o [4]
  .text              ro code       0x1af8     0x6  abort.o [2]
  .text              ro code       0x1b00   0x16a  DblAdd.o [3]
  .text              ro code       0x1c6c     0x2  I64DivZer.o [4]
  .text              ro code       0x1c70    0x14  exit.o [5]
  .text              ro code       0x1c84    0x2c  iarttio.o [5]
  .text              ro code       0x1cb0     0x8  XShttio.o [2]
  .text              ro code       0x1cb8    0xcc  main.o [1]
  .text              ro code       0x1d84    0x28  printf.o [2]
  .text              ro code       0x1dac    0x50  iarttio.o [5]
  .text              ro code       0x1dfc    0x24  XShttio.o [2]
  .text              ro code       0x1e20    0x14  XShttio.o [2]
  .text              ro code       0x1e34    0x38  packbits_init_single.o [4]
  .text              ro code       0x1e6c    0x28  data_init.o [4]
  .text              ro code       0x1e94    0x22  fpinit_M.o [3]
  .text              ro code       0x1eb6    0x22  iarwrite.o [5]
  .iar.init_table    const         0x1ed8    0x10  - Linker created -
  .text              ro code       0x1ee8    0x20  putchar.o [2]
  .text              ro code       0x1f08    0x10  write.o [5]
  .text              ro code       0x1f18    0x1e  dwrite.o [5]
  .text              ro code       0x1f36    0x20  iarwstd.o [5]
  .text              ro code       0x1f58    0x1e  cmain.o [4]
  .text              ro code       0x1f76     0x4  low_level_init.o [2]
  .text              ro code       0x1f7a     0x4  exit.o [2]
  .text              ro code       0x1f80     0xa  cexit.o [4]
  .text              ro code       0x1f8a    0x16  xprout.o [2]
  .rodata            const         0x1fa0    0x10  main.o [1]
  .rodata            const         0x1fb0    0x10  main.o [1]
  .text              ro code       0x1fc0     0xc  cstartup_M.o [4]
  .rodata            const         0x1fcc     0x8  xprintffull_nomb.o [2]
  .rodata            const         0x1fd4     0x0  packbits_init_single.o [4]
  Initializer bytes  const         0x1fd4     0x4  <for P2-1>
                                 - 0x1fd8  0x1f98

"P2", part 1 of 2:                            0xd
  P2-1                        0x2000'0000     0xd  <Init block>
    .data            inited   0x2000'0000     0x8  XShttio.o [2]
    .bss             inited   0x2000'0008     0x4  xfail_s.o [2]
    .bss             inited   0x2000'000c     0x1  XShttio.o [2]
                            - 0x2000'000d     0xd

"P2", part 2 of 2:                         0x1000
  CSTACK                      0x2000'0010  0x1000  <Block>
    CSTACK           uninit   0x2000'0010  0x1000  <Block tail>
                            - 0x2000'1010  0x1000

Unused ranges:

         From           To      Size
         ----           --      ----
       0x1fd8     0x3'ffff  0x3'e028
  0x2000'000d  0x2000'000f       0x3
  0x2000'1010  0x2000'7fff    0x6ff0


*******************************************************************************
*** INIT TABLE
***

          Address      Size
          -------      ----
Copy/packbits (__iar_packbits_init_single3)
    1 source range, total size 0x4 (30% of destination):
               0x1fd4   0x4
    1 destination range, total size 0xd:
          0x2000'0000   0xd



*******************************************************************************
*** MODULE SUMMARY
***

    Module                  ro code  ro data  rw data
    ------                  -------  -------  -------
command line/config:
    -------------------------------------------------
    Total:

F:\Balancing_Model\Balancing_Model_V_2\Debug\Obj: [1]
    main.o                      204       32
    -------------------------------------------------
    Total:                      204       32

dl7M_tln.a: [2]
    XShttio.o                    64        3        9
    abort.o                       6
    exit.o                        4
    low_level_init.o              4
    printf.o                     40
    putchar.o                    32
    xfail_s.o                    64        1        4
    xprintffull_nomb.o        4'006        8
    xprout.o                     22
    -------------------------------------------------
    Total:                    4'242       12       13

m7M_tls.a: [3]
    DblAdd.o                    362
    DblCmpGe.o                   46
    DblCmpLe.o                   46
    DblDiv.o                    582
    DblMul.o                    418
    DblSub.o                    226
    DblToS32.o                   58
    DblToU32.o                   40
    S32ToDbl.o                   34
    U32ToDbl.o                   26
    fpinit_M.o                   34
    frexp.o                     112
    ldexp.o                     314
    -------------------------------------------------
    Total:                    2'298

rt7M_tl.a: [4]
    ABImemcpy_unaligned.o       118
    I64DivMod.o                 560
    I64DivZer.o                   2
    cexit.o                      10
    cmain.o                      30
    cstartup_M.o                 12
    data_init.o                  40
    memchr.o                     88
    packbits_init_single.o       56
    strchr.o                     22
    strlen.o                     54
    vector_table_M.o             66
    -------------------------------------------------
    Total:                    1'058

shb_l.a: [5]
    dwrite.o                     30
    exit.o                       20
    iarttio.o                   124
    iarwrite.o                   34
    iarwstd.o                    32
    write.o                      16
    -------------------------------------------------
    Total:                      256

    Gaps                         34
    Linker created                        16    4'096
-----------------------------------------------------
    Grand Total:              8'092       60    4'109


*******************************************************************************
*** ENTRY LIST
***

Entry                       Address   Size  Type      Object
-----                       -------   ----  ----      ------
.iar.init_table$$Base        0x1ed8          --   Gb  - Linker created -
.iar.init_table$$Limit       0x1ee8          --   Gb  - Linker created -
?main                        0x1f59         Code  Gb  cmain.o [4]
CSTACK$$Base            0x2000'0010          --   Gb  - Linker created -
CSTACK$$Limit           0x2000'1010          --   Gb  - Linker created -
Region$$Table$$Base          0x1ed8          --   Gb  - Linker created -
Region$$Table$$Limit         0x1ee8          --   Gb  - Linker created -
_LitobFullNoMb                0xde1  0x10a  Code  Lc  xprintffull_nomb.o [2]
_PrintfFullNoMb                0x41  0xd7c  Code  Gb  xprintffull_nomb.o [2]
_Prout                       0x1f8b   0x16  Code  Gb  xprout.o [2]
_PutcharFullNoMb              0xf51   0x20  Code  Lc  xprintffull_nomb.o [2]
_PutcharsFullNoMb             0xf71   0x2e  Code  Lc  xprintffull_nomb.o [2]
__aeabi_cdcmple              0x11b9         Code  Gb  DblCmpLe.o [3]
__aeabi_cdrcmple             0x11e9         Code  Gb  DblCmpGe.o [3]
__aeabi_d2iz                 0x1355         Code  Gb  DblToS32.o [3]
__aeabi_d2uiz                0x16e1         Code  Gb  DblToU32.o [3]
__aeabi_ddiv                 0x1499         Code  Gb  DblDiv.o [3]
__aeabi_dmul                 0x1725         Code  Gb  DblMul.o [3]
__aeabi_dsub                 0x13b5         Code  Gb  DblSub.o [3]
__aeabi_i2d                  0x1391         Code  Gb  S32ToDbl.o [3]
__aeabi_ldiv0                0x1c6d         Code  Gb  I64DivZer.o [4]
__aeabi_ui2d                 0x1709         Code  Gb  U32ToDbl.o [3]
__aeabi_uldivmod             0x18c9         Code  Gb  I64DivMod.o [4]
__cmain                      0x1f59         Code  Gb  cmain.o [4]
__dwrite                     0x1f19   0x1e  Code  Gb  dwrite.o [5]
__exit                       0x1c71   0x14  Code  Gb  exit.o [5]
__iar_Fail_s                 0x1001   0x1c  Code  Gb  xfail_s.o [2]
__iar_Memchr                 0x1079         Code  Gb  memchr.o [4]
__iar_Strchr                  0xfe9         Code  Gb  strchr.o [4]
__iar_close_ttio             0x1c85   0x2c  Code  Wk  iarttio.o [5]
__iar_dadd                   0x13c5         Code  Gb  DblSub.o [3]
__iar_data_init3             0x1e6d   0x28  Code  Gb  data_init.o [4]
__iar_dsub                   0x1b01         Code  Gb  DblAdd.o [3]
__iar_dsubStart              0x1b13         Code  Gb  DblAdd.o [3]
__iar_frexp                  0x1155         Code  Gb  frexp.o [3]
__iar_frexpl                 0x1155         Code  Gb  frexp.o [3]
__iar_get_ttio               0x1dad   0x4c  Code  Gb  iarttio.o [5]
__iar_init_vfp               0x1e95         Code  Gb  fpinit_M.o [3]
__iar_ldexp64                0x1219         Code  Gb  ldexp.o [3]
__iar_lookup_ttioh           0x1cb1    0x8  Code  Gb  XShttio.o [2]
__iar_packbits_init_single3
                             0x1e35   0x38  Code  Gb  packbits_init_single.o [4]
__iar_program_start          0x1fc1         Code  Gb  cstartup_M.o [4]
__iar_scalbln64              0x1219         Code  Gb  ldexp.o [3]
__iar_scalbn64               0x1219         Code  Gb  ldexp.o [3]
__iar_sh_stdout              0x1f37   0x20  Code  Gb  iarwstd.o [5]
__iar_sh_write               0x1eb7   0x22  Code  Gb  iarwrite.o [5]
__iar_softfp___iar_frexp64
                             0x1149         Code  Gb  frexp.o [3]
__iar_softfp_frexp           0x1149         Code  Gb  frexp.o [3]
__iar_softfp_frexpl          0x1149         Code  Gb  frexp.o [3]
__iar_ttio_guard_lock        0x1dfd   0x24  Code  Wk  XShttio.o [2]
__iar_ttio_guard_unlock
                             0x1e21   0x14  Code  Wk  XShttio.o [2]
__iar_ttio_handles      0x2000'0000    0x8  Data  Lc  XShttio.o [2]
__iar_unaligned_memcpy       0x10d1         Code  Gb  ABImemcpy_unaligned.o [4]
__iar_unaligned_memcpy4
                             0x10f1         Code  Gb  ABImemcpy_unaligned.o [4]
__iar_unaligned_memcpy8
                             0x10f1         Code  Gb  ABImemcpy_unaligned.o [4]
__low_level_init             0x1f77    0x4  Code  Gb  low_level_init.o [2]
__vector_table                  0x0         Data  Gb  vector_table_M.o [4]
__write                      0x1f09   0x10  Code  Gb  write.o [5]
_call_main                   0x1f65         Code  Gb  cmain.o [4]
_exit                        0x1f81         Code  Gb  cexit.o [4]
_main                        0x1f73         Code  Gb  cmain.o [4]
abort                        0x1af9    0x6  Code  Gb  abort.o [2]
exit                         0x1f7b    0x4  Code  Gb  exit.o [2]
ldexp                        0x1219         Code  Gb  ldexp.o [3]
ldexpl                       0x1219         Code  Gb  ldexp.o [3]
main                         0x1cb9   0xcc  Code  Gb  main.o [1]
memchr                       0x1079         Code  Gb  memchr.o [4]
printf                       0x1d85   0x28  Code  Gb  printf.o [2]
putchar                      0x1ee9   0x20  Code  Gb  putchar.o [2]
scalbln                      0x1219         Code  Gb  ldexp.o [3]
scalblnl                     0x1219         Code  Gb  ldexp.o [3]
scalbn                       0x1219         Code  Gb  ldexp.o [3]
scalbnl                      0x1219         Code  Gb  ldexp.o [3]
scale                         0xeeb   0x46  Code  Lc  xprintffull_nomb.o [2]
sec_hand                0x2000'0008    0x4  Data  Lc  xfail_s.o [2]
strchr                        0xfe9         Code  Gb  strchr.o [4]
strlen                       0x1041         Code  Gb  strlen.o [4]
ttio_guard              0x2000'000c    0x1  Data  Lc  XShttio.o [2]


[1] = F:\Balancing_Model\Balancing_Model_V_2\Debug\Obj
[2] = dl7M_tln.a
[3] = m7M_tls.a
[4] = rt7M_tl.a
[5] = shb_l.a

  8'092 bytes of readonly  code memory
     60 bytes of readonly  data memory
  4'109 bytes of readwrite data memory

Errors: none
Warnings: none
